[www.sites.google.com/site/9unblockedgames/index.html]
[backblue.gif]
[fade.gif]
[index.html]
[ssl.gstatic.com/sites/p/a6c549/system/app/images/apple-touch-icon.png]
[ssl.gstatic.com/sites/p/a6c549/system/app/images/cleardot.gif]
[ssl.gstatic.com/sites/p/a6c549/system/js/trog_edit__en.js]
[www.sites.google.com/site/9unblockedgames/_/rsrc/1510090022803/config/customLogo010f.png]
[www.sites.google.com/site/9unblockedgames/home.html]
[www.sites.google.com/site/9unblockedgames/chatbox.html]
[www.sites.google.com/site/9unblockedgames/hacked-games.html]
[www.sites.google.com/site/9unblockedgames/suggestions.html]
[www.sites.google.com/site/9unblockedgames/system/app/pages/sitemap/hierarchy.html]
[www.sites.google.com/site/9unblockedgames/1-on-1-soccer.html]
[www.sites.google.com/site/9unblockedgames/10-bullets.html]
[www.sites.google.com/site/9unblockedgames/10-more-bullets.html]
[www.sites.google.com/site/9unblockedgames/1066.html]
[www.sites.google.com/site/9unblockedgames/13-days-in-hell.html]
[www.sites.google.com/site/9unblockedgames/18-wheeler.html]
[www.sites.google.com/site/9unblockedgames/18-wheeler-2.html]
[www.sites.google.com/site/9unblockedgames/2048.html]
[www.sites.google.com/site/9unblockedgames/3-slices.html]
[www.sites.google.com/site/9unblockedgames/3-slices-2.html]
[www.sites.google.com/site/9unblockedgames/5-minutes-to-kill-yourself-airport.html]
[www.sites.google.com/site/9unblockedgames/a-knights-quest-for-milk.html]
[www.sites.google.com/site/9unblockedgames/absorbed.html]
[www.sites.google.com/site/9unblockedgames/absorbed-2.html]
[www.sites.google.com/site/9unblockedgames/abuba-the-alien.html]
[www.sites.google.com/site/9unblockedgames/achievement-unlocked.html]
[www.sites.google.com/site/9unblockedgames/achievement-unlocked-2.html]
[www.sites.google.com/site/9unblockedgames/achievement-unlocked-3.html]
[www.sites.google.com/site/9unblockedgames/acid-bunny.html]
[www.sites.google.com/site/9unblockedgames/acid-bunny-2.html]
[www.sites.google.com/site/9unblockedgames/adrenaline-challenge.html]
[www.sites.google.com/site/9unblockedgames/adventure-capitalist.html]
[www.sites.google.com/site/9unblockedgames/adventure-story.html]
[www.sites.google.com/site/9unblockedgames/age-of-defense.html]
[www.sites.google.com/site/9unblockedgames/age-of-defense-3.html]
[www.sites.google.com/site/9unblockedgames/age-of-defense-4.html]
[www.sites.google.com/site/9unblockedgames/alpha-attack.html]
[www.sites.google.com/site/9unblockedgames/an-escape-series-2.html]
[www.sites.google.com/site/9unblockedgames/an-escape-series-1.html]
[www.sites.google.com/site/9unblockedgames/an-escape-series-2-5.html]
[www.sites.google.com/site/9unblockedgames/an-escape-series-3.html]
[www.sites.google.com/site/9unblockedgames/an-escape-series-4.html]
[www.sites.google.com/site/9unblockedgames/an-escape-series-5.html]
[www.sites.google.com/site/9unblockedgames/an-escape-series-6.html]
[www.sites.google.com/site/9unblockedgames/an-escape-series-7.html]
[www.sites.google.com/site/9unblockedgames/animator-vs-animation.html]
[www.sites.google.com/site/9unblockedgames/apple-shooter.html]
[www.sites.google.com/site/9unblockedgames/armor-mayhem.html]
[www.sites.google.com/site/9unblockedgames/army-of-ages.html]
[www.sites.google.com/site/9unblockedgames/asteroids.html]
[www.sites.google.com/site/9unblockedgames/atari-breakout.html]
[www.sites.google.com/site/9unblockedgames/avatar-fortress-fight-2.html]
[www.sites.google.com/site/9unblockedgames/awesome-tanks-2.html]
[www.sites.google.com/site/9unblockedgames/bad-eggs-online-2.html]
[www.sites.google.com/site/9unblockedgames/bad-ice-cream-2.html]
[www.sites.google.com/site/9unblockedgames/ballistica.html]
[www.sites.google.com/site/9unblockedgames/balloon-in-a-wasteland.html]
[www.sites.google.com/site/9unblockedgames/basketball-legends.html]
[www.sites.google.com/site/9unblockedgames/battle-cry-ages.html]
[www.sites.google.com/site/9unblockedgames/battle-cry-age-of-myths.html]
[www.sites.google.com/site/9unblockedgames/battle-of-berlin.html]
[www.sites.google.com/site/9unblockedgames/bearbarians.html]
[www.sites.google.com/site/9unblockedgames/bit-battles.html]
[www.sites.google.com/site/9unblockedgames/blacksmith-lab.html]
[www.sites.google.com/site/9unblockedgames/blast-rpg.html]
[www.sites.google.com/site/9unblockedgames/blocked-out.html]
[www.sites.google.com/site/9unblockedgames/bloons.html]
[www.sites.google.com/site/9unblockedgames/bloons-2.html]
[www.sites.google.com/site/9unblockedgames/bloons-monkey-city.html]
[www.sites.google.com/site/9unblockedgames/bloons-tower-defense-5.html]
[www.sites.google.com/site/9unblockedgames/bloxorz.html]
[www.sites.google.com/site/9unblockedgames/bmx-park.html]
[www.sites.google.com/site/9unblockedgames/bob-the-robber.html]
[www.sites.google.com/site/9unblockedgames/bob-the-robber-2.html]
[www.sites.google.com/site/9unblockedgames/bot-arena-3.html]
[www.sites.google.com/site/9unblockedgames/bowman-2.html]
[www.sites.google.com/site/9unblockedgames/boxhead-2-player.html]
[www.sites.google.com/site/9unblockedgames/boxhead-the-nightmare.html]
[www.sites.google.com/site/9unblockedgames/boxhead-the-zombie-wars.html]
[www.sites.google.com/site/9unblockedgames/bubble-shooter.html]
[www.sites.google.com/site/9unblockedgames/bubble-tanks.html]
[www.sites.google.com/site/9unblockedgames/bubble-trouble.html]
[www.sites.google.com/site/9unblockedgames/burrito-bison-revenge.html]
[www.sites.google.com/site/9unblockedgames/cactus-mccoy.html]
[www.sites.google.com/site/9unblockedgames/cactus-mccoy-2.html]
[www.sites.google.com/site/9unblockedgames/cargo-bridge.html]
[www.sites.google.com/site/9unblockedgames/cargo-bridge-2.html]
[www.sites.google.com/site/9unblockedgames/cat-mario.html]
[www.sites.google.com/site/9unblockedgames/cat-ninja.html]
[www.sites.google.com/site/9unblockedgames/causality.html]
[www.sites.google.com/site/9unblockedgames/causality-2.html]
[www.sites.google.com/site/9unblockedgames/causality-3.html]
[www.sites.google.com/site/9unblockedgames/chatbox/chatbox-2.html]
[www.sites.google.com/site/9unblockedgames/checkers.html]
[www.sites.google.com/site/9unblockedgames/chess.html]
[www.sites.google.com/site/9unblockedgames/chibi-knight.html]
[www.sites.google.com/site/9unblockedgames/city-siege.html]
[www.sites.google.com/site/9unblockedgames/city-siege-2.html]
[www.sites.google.com/site/9unblockedgames/city-siege-3.html]
[www.sites.google.com/site/9unblockedgames/city-siege-4.html]
[www.sites.google.com/site/9unblockedgames/classroom-cheater.html]
[www.sites.google.com/site/9unblockedgames/classroom-cheater-2.html]
[www.sites.google.com/site/9unblockedgames/classroom-cheater-3.html]
[www.sites.google.com/site/9unblockedgames/clear-vision.html]
[www.sites.google.com/site/9unblockedgames/clear-vision-2.html]
[www.sites.google.com/site/9unblockedgames/clicker-heroes.html]
[www.sites.google.com/site/9unblockedgames/commando.html]
[www.sites.google.com/site/9unblockedgames/commando-assault.html]
[www.sites.google.com/site/9unblockedgames/counter-snipe.html]
[www.sites.google.com/site/9unblockedgames/counter-terror.html]
[www.sites.google.com/site/9unblockedgames/crush-the-castle.html]
[www.sites.google.com/site/9unblockedgames/crush-the-castle-2.html]
[www.sites.google.com/site/9unblockedgames/cubefield.html]
[www.sites.google.com/site/9unblockedgames/curve-fever-2.html]
[www.sites.google.com/site/9unblockedgames/darkbase-rts.html]
[www.sites.google.com/site/9unblockedgames/dead-zed.html]
[www.sites.google.com/site/9unblockedgames/dead-zed-2.html]
[www.sites.google.com/site/9unblockedgames/death-row.html]
[www.sites.google.com/site/9unblockedgames/deathmatch-apocalypse.html]
[www.sites.google.com/site/9unblockedgames/deeper-sleep.html]
[www.sites.google.com/site/9unblockedgames/demolition-city.html]
[www.sites.google.com/site/9unblockedgames/demolition-city-2.html]
[www.sites.google.com/site/9unblockedgames/dig-to-china.html]
[www.sites.google.com/site/9unblockedgames/discount-mayonnaise.html]
[www.sites.google.com/site/9unblockedgames/dog-fight-2.html]
[www.sites.google.com/site/9unblockedgames/don-t-escape.html]
[www.sites.google.com/site/9unblockedgames/don-t-escape-2.html]
[www.sites.google.com/site/9unblockedgames/don-t-escape-3.html]
[www.sites.google.com/site/9unblockedgames/dont-look-back.html]
[www.sites.google.com/site/9unblockedgames/donkey-kong.html]
[www.sites.google.com/site/9unblockedgames/doom.html]
[www.sites.google.com/site/9unblockedgames/douchebag-workout.html]
[www.sites.google.com/site/9unblockedgames/douchebag-workout-2.html]
[www.sites.google.com/site/9unblockedgames/downhill-snowboard-1.html]
[www.sites.google.com/site/9unblockedgames/downhill-snowboard-2.html]
[www.sites.google.com/site/9unblockedgames/downhill-snowboard-3.html]
[www.sites.google.com/site/9unblockedgames/duck-life.html]
[www.sites.google.com/site/9unblockedgames/duck-life-4.html]
[www.sites.google.com/site/9unblockedgames/earn-to-die.html]
[www.sites.google.com/site/9unblockedgames/earn-to-die-2-exodus.html]
[www.sites.google.com/site/9unblockedgames/earn-to-die-2012.html]
[www.sites.google.com/site/9unblockedgames/earn-to-die-2012-part-2.html]
[www.sites.google.com/site/9unblockedgames/earn-to-die-3.html]
[www.sites.google.com/site/9unblockedgames/effing-worms-2.html]
[www.sites.google.com/site/9unblockedgames/electric-man-2.html]
[www.sites.google.com/site/9unblockedgames/electricman-hs.html]
[www.sites.google.com/site/9unblockedgames/endless-war.html]
[www.sites.google.com/site/9unblockedgames/epic-war-1.html]
[www.sites.google.com/site/9unblockedgames/epic-war-2.html]
[www.sites.google.com/site/9unblockedgames/epic-war-3.html]
[www.sites.google.com/site/9unblockedgames/epic-war-4.html]
[www.sites.google.com/site/9unblockedgames/epic-war-5.html]
[www.sites.google.com/site/9unblockedgames/exit-path.html]
[www.sites.google.com/site/9unblockedgames/fancy-pants-adventure.html]
[www.sites.google.com/site/9unblockedgames/fancy-pants-adventure-2.html]
[www.sites.google.com/site/9unblockedgames/fancy-pants-adventure-3.html]
[www.sites.google.com/site/9unblockedgames/field-general.html]
[www.sites.google.com/site/9unblockedgames/fireboy-and-watergirl.html]
[www.sites.google.com/site/9unblockedgames/fireboy-and-watergirl-2.html]
[www.sites.google.com/site/9unblockedgames/fireboy-and-watergirl-3.html]
[www.sites.google.com/site/9unblockedgames/fireboy-and-watergirl-4.html]
[www.sites.google.com/site/9unblockedgames/five-a-side-football.html]
[www.sites.google.com/site/9unblockedgames/flaming-zambooka.html]
[www.sites.google.com/site/9unblockedgames/flappy-bird.html]
[www.sites.google.com/site/9unblockedgames/freeway-fury.html]
[www.sites.google.com/site/9unblockedgames/freeway-fury-2.html]
[www.sites.google.com/site/9unblockedgames/freeway-fury-3.html]
[www.sites.google.com/site/9unblockedgames/frontline-defense-2.html]
[www.sites.google.com/site/9unblockedgames/fuzzy-things-fvf.html]
[www.sites.google.com/site/9unblockedgames/g-switch.html]
[www.sites.google.com/site/9unblockedgames/g-switch-2.html]
[www.sites.google.com/site/9unblockedgames/g-switch-3.html]
[www.sites.google.com/site/9unblockedgames/get-on-top.html]
[www.sites.google.com/site/9unblockedgames/give-up.html]
[www.sites.google.com/site/9unblockedgames/give-up-2.html]
[www.sites.google.com/site/9unblockedgames/give-up-robot.html]
[www.sites.google.com/site/9unblockedgames/give-up-robot-2.html]
[www.sites.google.com/site/9unblockedgames/gold-miner.html]
[www.sites.google.com/site/9unblockedgames/gold-miner-vegas.html]
[www.sites.google.com/site/9unblockedgames/gun-mayhem.html]
[www.sites.google.com/site/9unblockedgames/gun-mayhem-2.html]
[www.sites.google.com/site/9unblockedgames/gunblood.html]
[www.sites.google.com/site/9unblockedgames/gunblood-2.html]
[www.sites.google.com/site/9unblockedgames/gunbot.html]
[www.sites.google.com/site/9unblockedgames/hacked-games/age-of-war-2-hacked.html]
[www.sites.google.com/site/9unblockedgames/hacked-games/age-of-war-3-hacked.html]
[www.sites.google.com/site/9unblockedgames/hacked-games/age-of-war-hacked.html]
[www.sites.google.com/site/9unblockedgames/hacked-games/bloons-super-monkey-hacked.html]
[www.sites.google.com/site/9unblockedgames/hacked-games/bloons-tower-defense-3-hacked.html]
[www.sites.google.com/site/9unblockedgames/hacked-games/bloons-tower-defense-4-hacked.html]
[www.sites.google.com/site/9unblockedgames/hacked-games/bloons-tower-defense-5-hacked.html]
[www.sites.google.com/site/9unblockedgames/hacked-games/boxhead-2-player-hacked.html]
[www.sites.google.com/site/9unblockedgames/hacked-games/boxhead-zombies-hacked.html]
[www.sites.google.com/site/9unblockedgames/hacked-games/bubble-tanks-2-hacked.html]
[www.sites.google.com/site/9unblockedgames/hacked-games/bubble-tanks-3-hacked.html]
[www.sites.google.com/site/9unblockedgames/hacked-games/cat-mario-hacked.html]
[www.sites.google.com/site/9unblockedgames/hacked-games/dig-to-china-hacked.html]
[www.sites.google.com/site/9unblockedgames/hacked-games/jacksmith-hacked.html]
[www.sites.google.com/site/9unblockedgames/hacked-games/learn-to-fly-idle-hacked.html]
[www.sites.google.com/site/9unblockedgames/hacked-games/minecraft-tower-defense-2-hacked.html]
[www.sites.google.com/site/9unblockedgames/hacked-games/plazma-burst-1-hacked.html]
[www.sites.google.com/site/9unblockedgames/hacked-games/plazma-burst-2-hacked.html]
[www.sites.google.com/site/9unblockedgames/hacked-games/potty-racers-2-hacked.html]
[www.sites.google.com/site/9unblockedgames/hacked-games/potty-racers-3-hacked.html]
[www.sites.google.com/site/9unblockedgames/hacked-games/potty-racers-4-hacked.html]
[www.sites.google.com/site/9unblockedgames/hacked-games/potty-racers-hacked.html]
[www.sites.google.com/site/9unblockedgames/hacked-games/raze-2-hacked.html]
[www.sites.google.com/site/9unblockedgames/hacked-games/raze-hacked.html]
[www.sites.google.com/site/9unblockedgames/hacked-games/run-3-hacked.html]
[www.sites.google.com/site/9unblockedgames/hacked-games/sprinter-hacked.html]
[www.sites.google.com/site/9unblockedgames/hacked-games/stick-rpg-hacked.html]
[www.sites.google.com/site/9unblockedgames/hacked-games/stick-war-hacked.html]
[www.sites.google.com/site/9unblockedgames/hacked-games/strike-force-heroes-2-hacked.html]
[www.sites.google.com/site/9unblockedgames/hamoudi.html]
[www.sites.google.com/site/9unblockedgames/happy-wheels.html]
[www.sites.google.com/site/9unblockedgames/heli-attack-2.html]
[www.sites.google.com/site/9unblockedgames/heli-attack-3.html]
[www.sites.google.com/site/9unblockedgames/Helly-yeah.html]
[www.sites.google.com/site/9unblockedgames/hobo-3-wanted.html]
[www.sites.google.com/site/9unblockedgames/hobo-4-total-war.html]
[www.sites.google.com/site/9unblockedgames/hobo-5-space-brawls.html]
[www.sites.google.com/site/9unblockedgames/hobo-6-hell.html]
[www.sites.google.com/site/9unblockedgames/hobo-7-heaven.html]
[www.sites.google.com/site/9unblockedgames/hobo-brawl.html]
[www.sites.google.com/site/9unblockedgames/hobo-prison-brawl.html]
[www.sites.google.com/site/9unblockedgames/hockey-legends.html]
[www.sites.google.com/site/9unblockedgames/homerun-in-berzerk-land.html]
[www.sites.google.com/site/9unblockedgames/i-love-traffic.html]
[www.sites.google.com/site/9unblockedgames/idleplex.html]
[www.sites.google.com/site/9unblockedgames/impossible-quiz.html]
[www.sites.google.com/site/9unblockedgames/impossible-quiz-2.html]
[www.sites.google.com/site/9unblockedgames/independent-miner.html]
[www.sites.google.com/site/9unblockedgames/infectonator-2.html]
[www.sites.google.com/site/9unblockedgames/jacksmith.html]
[www.sites.google.com/site/9unblockedgames/jailbreak-rush.html]
[www.sites.google.com/site/9unblockedgames/jelly-tower.html]
[www.sites.google.com/site/9unblockedgames/jelly-tower-planets.html]
[www.sites.google.com/site/9unblockedgames/jelly-tower-sandbox.html]
[www.sites.google.com/site/9unblockedgames/johnny-upgrade.html]
[www.sites.google.com/site/9unblockedgames/lean-to-fly-2.html]
[www.sites.google.com/site/9unblockedgames/learn-to-fly-idle.html]
[www.sites.google.com/site/9unblockedgames/madness-project-nexus.html]
[www.sites.google.com/site/9unblockedgames/mario-combat.html]
[www.sites.google.com/site/9unblockedgames/max-dirt-bike-3.html]
[www.sites.google.com/site/9unblockedgames/mine-blocks.html]
[www.sites.google.com/site/9unblockedgames/minecraft-tower-defence.html]
[www.sites.google.com/site/9unblockedgames/minesweeper.html]
[www.sites.google.com/site/9unblockedgames/monster-truck-destroyer.html]
[www.sites.google.com/site/9unblockedgames/moto-x3m-3.html]
[www.sites.google.com/site/9unblockedgames/murloc-rpg-stranglethorn-fever.html]
[www.sites.google.com/site/9unblockedgames/mutilate-a-doll-2.html]
[www.sites.google.com/site/9unblockedgames/my-dear-boss.html]
[www.sites.google.com/site/9unblockedgames/my-friend-pedro.html]
[www.sites.google.com/site/9unblockedgames/nitrome-must-die.html]
[www.sites.google.com/site/9unblockedgames/obey-the-game.html]
[www.sites.google.com/site/9unblockedgames/pacman.html]
[www.sites.google.com/site/9unblockedgames/papa-s-bakeria.html]
[www.sites.google.com/site/9unblockedgames/papa-s-burgeria.html]
[www.sites.google.com/site/9unblockedgames/papa-s-cheeseria.html]
[www.sites.google.com/site/9unblockedgames/papa-s-cupcakeria.html]
[www.sites.google.com/site/9unblockedgames/papa-s-donuteria.html]
[www.sites.google.com/site/9unblockedgames/papa-s-freezeria.html]
[www.sites.google.com/site/9unblockedgames/papa-s-hot-doggeria.html]
[www.sites.google.com/site/9unblockedgames/papa-s-pancakeria.html]
[www.sites.google.com/site/9unblockedgames/papa-s-pastaria.html]
[www.sites.google.com/site/9unblockedgames/papa-s-pizzeria.html]
[www.sites.google.com/site/9unblockedgames/papa-s-scooperia.html]
[www.sites.google.com/site/9unblockedgames/papa-s-sushiria.html]
[www.sites.google.com/site/9unblockedgames/papa-s-wingeria.html]
[www.sites.google.com/site/9unblockedgames/parking-fury.html]
[www.sites.google.com/site/9unblockedgames/parking-fury-2.html]
[www.sites.google.com/site/9unblockedgames/parking-fury-3.html]
[www.sites.google.com/site/9unblockedgames/penalty.html]
[www.sites.google.com/site/9unblockedgames/penguin-diner.html]
[www.sites.google.com/site/9unblockedgames/penguin-diner-2.html]
[www.sites.google.com/site/9unblockedgames/pillage-the-village.html]
[www.sites.google.com/site/9unblockedgames/pizza-city.html]
[www.sites.google.com/site/9unblockedgames/plants-vs-zombies-2.html]
[www.sites.google.com/site/9unblockedgames/plazma-burst-2.html]
[www.sites.google.com/site/9unblockedgames/pong.html]
[www.sites.google.com/site/9unblockedgames/portal-flash-edition.html]
[www.sites.google.com/site/9unblockedgames/power-fox-1.html]
[www.sites.google.com/site/9unblockedgames/power-fox-3.html]
[www.sites.google.com/site/9unblockedgames/power-fox-4.html]
[www.sites.google.com/site/9unblockedgames/racehorse-tycoon.html]
[www.sites.google.com/site/9unblockedgames/raft-wars-2.html]
[www.sites.google.com/site/9unblockedgames/random-heroes.html]
[www.sites.google.com/site/9unblockedgames/raze.html]
[www.sites.google.com/site/9unblockedgames/raze-2.html]
[www.sites.google.com/site/9unblockedgames/reach-the-core.html]
[www.sites.google.com/site/9unblockedgames/red-ball.html]
[www.sites.google.com/site/9unblockedgames/red-ball-2.html]
[www.sites.google.com/site/9unblockedgames/red-ball-3.html]
[www.sites.google.com/site/9unblockedgames/red-ball-4.html]
[www.sites.google.com/site/9unblockedgames/reincarnation-a-taste-of-evil.html]
[www.sites.google.com/site/9unblockedgames/reincarnation-addo.html]
[www.sites.google.com/site/9unblockedgames/reincarnation-all-hollow-s-evil.html]
[www.sites.google.com/site/9unblockedgames/reincarnation-in-the-name-of-evil.html]
[www.sites.google.com/site/9unblockedgames/reincarnation-let-the-evil-times-roll.html]
[www.sites.google.com/site/9unblockedgames/reincarnation-the-evil-next-door.html]
[www.sites.google.com/site/9unblockedgames/reincarnation-the-fi.html]
[www.sites.google.com/site/9unblockedgames/return-man-2.html]
[www.sites.google.com/site/9unblockedgames/return-man-3.html]
[www.sites.google.com/site/9unblockedgames/riddle-school.html]
[www.sites.google.com/site/9unblockedgames/riddle-school-2.html]
[www.sites.google.com/site/9unblockedgames/riddle-school-3.html]
[www.sites.google.com/site/9unblockedgames/riddle-school-4.html]
[www.sites.google.com/site/9unblockedgames/riddle-school-5.html]
[www.sites.google.com/site/9unblockedgames/riddle-transfer.html]
[www.sites.google.com/site/9unblockedgames/riddle-transfer-2.html]
[www.sites.google.com/site/9unblockedgames/roadblocks.html]
[www.sites.google.com/site/9unblockedgames/robot-wants-fishy.html]
[www.sites.google.com/site/9unblockedgames/robot-wants-ice-cream.html]
[www.sites.google.com/site/9unblockedgames/robot-wants-kitty.html]
[www.sites.google.com/site/9unblockedgames/robot-wants-puppy.html]
[www.sites.google.com/site/9unblockedgames/rogue-soul.html]
[www.sites.google.com/site/9unblockedgames/rogue-soul-2.html]
[www.sites.google.com/site/9unblockedgames/rubble-trouble-moscow.html]
[www.sites.google.com/site/9unblockedgames/rubble-trouble-new-york.html]
[www.sites.google.com/site/9unblockedgames/run-1.html]
[www.sites.google.com/site/9unblockedgames/run-2.html]
[www.sites.google.com/site/9unblockedgames/run-3.html]
[www.sites.google.com/site/9unblockedgames/running-fred.html]
[www.sites.google.com/site/9unblockedgames/sas-zombie-assault.html]
[www.sites.google.com/site/9unblockedgames/sas-zombie-assault-2.html]
[www.sites.google.com/site/9unblockedgames/sas-zombie-assault-3.html]
[www.sites.google.com/site/9unblockedgames/saturday-night-blood-fest.html]
[www.sites.google.com/site/9unblockedgames/scary-maze-game.html]
[www.sites.google.com/site/9unblockedgames/scary-maze-game-2.html]
[www.sites.google.com/site/9unblockedgames/shift.html]
[www.sites.google.com/site/9unblockedgames/shift-2.html]
[www.sites.google.com/site/9unblockedgames/shift-3.html]
[www.sites.google.com/site/9unblockedgames/shift-4.html]
[www.sites.google.com/site/9unblockedgames/sieger.html]
[www.sites.google.com/site/9unblockedgames/sift-heads-1.html]
[www.sites.google.com/site/9unblockedgames/simple-soccer-championship.html]
[www.sites.google.com/site/9unblockedgames/sindicate.html]
[www.sites.google.com/site/9unblockedgames/skyfyre.html]
[www.sites.google.com/site/9unblockedgames/snail-bob.html]
[www.sites.google.com/site/9unblockedgames/sonny.html]
[www.sites.google.com/site/9unblockedgames/sports-heads-basketball.html]
[www.sites.google.com/site/9unblockedgames/sports-heads-football.html]
[www.sites.google.com/site/9unblockedgames/sports-heads-football-championship.html]
[www.sites.google.com/site/9unblockedgames/sports-heads-football-championship-2015-16.html]
[www.sites.google.com/site/9unblockedgames/sports-heads-football-european-edition.html]
[www.sites.google.com/site/9unblockedgames/sports-heads-ice-hockey.html]
[www.sites.google.com/site/9unblockedgames/sports-heads-tennis.html]
[www.sites.google.com/site/9unblockedgames/sports-heads-volleyball.html]
[www.sites.google.com/site/9unblockedgames/sprinter.html]
[www.sites.google.com/site/9unblockedgames/staggy-the-boyscout-slayer-2.html]
[www.sites.google.com/site/9unblockedgames/state-of-zombies-2.html]
[www.sites.google.com/site/9unblockedgames/state-of-zombies-3.html]
[www.sites.google.com/site/9unblockedgames/stick-rpg.html]
[www.sites.google.com/site/9unblockedgames/stick-war.html]
[www.sites.google.com/site/9unblockedgames/stomped-io.html]
[www.sites.google.com/site/9unblockedgames/strafe-ww2-western-front.html]
[www.sites.google.com/site/9unblockedgames/strike-force-heroes.html]
[www.sites.google.com/site/9unblockedgames/strike-force-heroes-2.html]
[www.sites.google.com/site/9unblockedgames/strike-force-heroes-3.html]
[www.sites.google.com/site/9unblockedgames/super-adventure-pals.html]
[www.sites.google.com/site/9unblockedgames/super-fighters.html]
[www.sites.google.com/site/9unblockedgames/super-meat-boy.html]
[www.sites.google.com/site/9unblockedgames/super-smash-flash-2.html]
[www.sites.google.com/site/9unblockedgames/swindler.html]
[www.sites.google.com/site/9unblockedgames/swing-soccer.html]
[www.sites.google.com/site/9unblockedgames/swords-and-sandals.html]
[www.sites.google.com/site/9unblockedgames/swords-and-sandals-2.html]
[www.sites.google.com/site/9unblockedgames/swords-and-souls.html]
[www.sites.google.com/site/9unblockedgames/tactical-assassin-3.html]
[www.sites.google.com/site/9unblockedgames/tank-trouble-2.178.delayed]
[www.sites.google.com/site/9unblockedgames/the-last-stand-union-city.html]
[www.sites.google.com/site/9unblockedgames/the-peacekeeper.html]
[www.sites.google.com/site/9unblockedgames/the-sun-for-the-vampire.html]
[www.sites.google.com/site/9unblockedgames/this-is-the-only-level.html]
[www.sites.google.com/site/9unblockedgames/this-is-the-only-level-2.html]
[www.sites.google.com/site/9unblockedgames/tetris.html]
[www.sites.google.com/site/9unblockedgames/this-is-the-only-level-3.html]
[www.sites.google.com/site/9unblockedgames/toss-the-turtle.html]
[www.sites.google.com/site/9unblockedgames/treadmillasaurus-rex.html]
[www.sites.google.com/site/9unblockedgames/thumb-fighter.html]
[www.sites.google.com/site/9unblockedgames/torturomatic.html]
[www.sites.google.com/site/9unblockedgames/turbogolf.html]
[www.sites.google.com/site/9unblockedgames/tron.html]
[www.sites.google.com/site/9unblockedgames/ultimate-army-5.html]
[www.sites.google.com/site/9unblockedgames/vex-2.html]
[www.sites.google.com/site/9unblockedgames/vex-3.html]
[www.sites.google.com/site/9unblockedgames/weapon.html]
[www.sites.google.com/site/9unblockedgames/worlds-hardest-game-2.html]
[www.sites.google.com/site/9unblockedgames/worlds-hardest-game-3.html]
[www.sites.google.com/site/9unblockedgames/worlds-hardest-game-4.html]
[www.sites.google.com/site/9unblockedgames/z.html]
[www.sites.google.com/site/9unblockedgames/zombie-crypt.html]
[www.sites.google.com/site/9unblockedgames/zombocalypse.html]
[www.sites.google.com/site/9unblockedgames/zombocalypse-2.html]
[i.imgur.com/JH21X6p.png]
[www.sites.google.com/site/9unblockedgames/system/errors/NodeNotFoundd249.html]
[ssl.gstatic.com/sites/p/a6c549/system/js/jot_min_view__en.js]
[www.sites.google.com/site/9unblockedgames/_/tz.19d.delayed]
[www.sites.google.com/site/9unblockedgames/index.html]
[ssl.gstatic.com/sites/p/a6c549/system/app/css/codemirror_css.css]
[www.sites.google.com/site/9unblockedgames/system/errors/NodeNotFound9a0e.html]
[ssl.gstatic.com/sites/p/a6c549/system/app/css/trogedit.css]
[www.sites.google.com/site/9unblockedgames/_/rsrc/1605169795000/system/app/images/icon-help-kennedy.png]
[www.sites.google.com/site/sites/system/app/images/icon_plusone.1a1.delayed]
[www.sites.google.com/site/sites/system/app/images/plusbadge.1a3.delayed]
[accounts.google.com/ServiceLoginfd6a.html]
[accounts.google.com/ServiceLogin6dd1.html]
[ssl.gstatic.com/images/icons/gplus-32.png]
[ssl.gstatic.com/images/icons/gplus-16.png]
[www.sites.google.com/site/9unblockedgames/_/rsrc/1605169795000/system/app/css/editor.css]
[ssl.gstatic.com/sites/p/a6c549/system/app/css/codeeditor.css]
[ssl.gstatic.com/ui/v1/menu/checkmark-partial.png]
[ssl.gstatic.com/sites/p/a6c549/system/app/themes/simplywhite/standard-css-simplywhite-ltr-ltr.css]
[www.sites.google.com/site/9unblockedgames/_/rsrc/1510089243703/config/bg.jpg.1427936895826.jpg.1482512772718.jpg]
[www.sites.google.com/site/9unblockedgames/_/rsrc/1510089243794/config/bg.jpg.1427936895826 - Copy.jpg.1479328362711.jpg]
[www.sites.google.com/site/9unblockedgames/_/rsrc/1605169795000/system/app/css/overlaye26d.css]
[www.sites.google.com/site/9unblockedgames/_/rsrc/1605169795000/system/app/images/camelot.png]
[www.sites.google.com/site/9unblockedgames/_/rsrc/1605169795000/system/app/css/camelot/allthemes-view.css]
[www.sites.google.com/site/9unblockedgames/home.html]
[www-sites-opensocial.googleusercontent.com/gadgets/js/rpc02d8.js]
[www.sites.google.com/site/9unblockedgames/chatbox.html]
[www.sites.google.com/site/9unblockedgames/hacked-games.html]
[www.sites.google.com/site/9unblockedgames/suggestions.html]
[ssl.gstatic.com/sites/p/a6c549/system/js/jot_min__en.js]
[www.sites.google.com/site/9unblockedgames/system.html]
[www.sites.google.com/site/9unblockedgames/system/app.html]
[www.sites.google.com/site/9unblockedgames/system/app/pages.html]
[www.sites.google.com/site/9unblockedgames/system/app/pages/sitemap/hierarchy.html]
[www.sites.google.com/site/9unblockedgames/1-on-1-soccer.html]
[www.sites.google.com/site/9unblockedgames/system/app/pages/sitemap.html]
[www.sites.google.com/site/9unblockedgames/10-bullets.html]
[www.sites.google.com/site/9unblockedgames/10-more-bullets.html]
[www.sites.google.com/site/9unblockedgames/1066.html]
[www.sites.google.com/site/9unblockedgames/13-days-in-hell.html]
[www.sites.google.com/site/9unblockedgames/18-wheeler.html]
[www.sites.google.com/site/9unblockedgames/18-wheeler-2.html]
[www.sites.google.com/site/9unblockedgames/2048.html]
[www.sites.google.com/site/9unblockedgames/3-slices.html]
[www.sites.google.com/site/9unblockedgames/3-slices-2.html]
[www.sites.google.com/site/9unblockedgames/5-minutes-to-kill-yourself-airport.html]
[www.sites.google.com/site/9unblockedgames/a-knights-quest-for-milk.html]
[www.sites.google.com/site/9unblockedgames/absorbed.html]
[www.sites.google.com/site/9unblockedgames/absorbed-2.html]
[www.sites.google.com/site/9unblockedgames/abuba-the-alien.html]
[www.sites.google.com/site/9unblockedgames/achievement-unlocked.html]
[www.sites.google.com/site/9unblockedgames/achievement-unlocked-2.html]
[www.sites.google.com/site/9unblockedgames/achievement-unlocked-3.html]
[www.sites.google.com/site/9unblockedgames/acid-bunny.html]
[www.sites.google.com/site/9unblockedgames/acid-bunny-2.html]
[www.sites.google.com/site/9unblockedgames/adrenaline-challenge.html]
[www.sites.google.com/site/9unblockedgames/adventure-capitalist.html]
[www.sites.google.com/site/9unblockedgames/adventure-story.html]
[www.sites.google.com/site/9unblockedgames/age-of-defense.html]
[www.sites.google.com/site/9unblockedgames/age-of-defense-3.html]
[www.sites.google.com/site/9unblockedgames/age-of-defense-4.html]
[www.sites.google.com/site/9unblockedgames/alpha-attack.html]
[www.sites.google.com/site/9unblockedgames/an-escape-series-1.html]
[www.sites.google.com/site/9unblockedgames/an-escape-series-2.html]
[www.sites.google.com/site/9unblockedgames/an-escape-series-2-5.html]
[www.sites.google.com/site/9unblockedgames/an-escape-series-3.html]
[www.sites.google.com/site/9unblockedgames/an-escape-series-4.html]
[www.sites.google.com/site/9unblockedgames/an-escape-series-5.html]
[www.sites.google.com/site/9unblockedgames/an-escape-series-6.html]
[www.sites.google.com/site/9unblockedgames/an-escape-series-7.html]
[www.sites.google.com/site/9unblockedgames/animator-vs-animation.html]
[www.sites.google.com/site/9unblockedgames/apple-shooter.html]
[www.sites.google.com/site/9unblockedgames/armor-mayhem.html]
[www.sites.google.com/site/9unblockedgames/army-of-ages.html]
[www.sites.google.com/site/9unblockedgames/asteroids.html]
[www.sites.google.com/site/9unblockedgames/atari-breakout.html]
[www.sites.google.com/site/9unblockedgames/avatar-fortress-fight-2.html]
[www.sites.google.com/site/9unblockedgames/awesome-tanks-2.html]
[www.sites.google.com/site/9unblockedgames/bad-eggs-online-2.html]
[www.sites.google.com/site/9unblockedgames/bad-ice-cream-2.html]
[www.sites.google.com/site/9unblockedgames/ballistica.html]
[www.sites.google.com/site/9unblockedgames/balloon-in-a-wasteland.html]
[www.sites.google.com/site/9unblockedgames/basketball-legends.html]
[www.sites.google.com/site/9unblockedgames/battle-cry-ages.html]
[www.sites.google.com/site/9unblockedgames/battle-cry-age-of-myths.html]
[www.sites.google.com/site/9unblockedgames/battle-of-berlin.html]
[www.sites.google.com/site/9unblockedgames/bearbarians.html]
[www.sites.google.com/site/9unblockedgames/bit-battles.html]
[www.sites.google.com/site/9unblockedgames/blacksmith-lab.html]
[www.sites.google.com/site/9unblockedgames/blast-rpg.html]
[www.sites.google.com/site/9unblockedgames/blocked-out.html]
[www.sites.google.com/site/9unblockedgames/bloons.html]
[www.sites.google.com/site/9unblockedgames/bloons-2.html]
[www.sites.google.com/site/9unblockedgames/bloons-monkey-city.html]
[www.sites.google.com/site/9unblockedgames/bloons-tower-defense-5.html]
[www.sites.google.com/site/9unblockedgames/bloxorz.html]
[www.sites.google.com/site/9unblockedgames/bmx-park.html]
[www.sites.google.com/site/9unblockedgames/bob-the-robber.html]
[www.sites.google.com/site/9unblockedgames/bob-the-robber-2.html]
[www.sites.google.com/site/9unblockedgames/bot-arena-3.html]
[www.sites.google.com/site/9unblockedgames/bowman-2.html]
[www.sites.google.com/site/9unblockedgames/boxhead-2-player.html]
[www.sites.google.com/site/9unblockedgames/boxhead-the-nightmare.html]
[www.sites.google.com/site/9unblockedgames/boxhead-the-zombie-wars.html]
[www.sites.google.com/site/9unblockedgames/bubble-shooter.html]
[www.sites.google.com/site/9unblockedgames/bubble-tanks.html]
[www.sites.google.com/site/9unblockedgames/bubble-trouble.html]
[www.sites.google.com/site/9unblockedgames/burrito-bison-revenge.html]
[www.sites.google.com/site/9unblockedgames/cactus-mccoy.html]
[www.sites.google.com/site/9unblockedgames/cactus-mccoy-2.html]
[www.sites.google.com/site/9unblockedgames/cargo-bridge.html]
[www.sites.google.com/site/9unblockedgames/cargo-bridge-2.html]
[www.sites.google.com/site/9unblockedgames/cat-mario.html]
[www.sites.google.com/site/9unblockedgames/cat-ninja.html]
[www.sites.google.com/site/9unblockedgames/causality.html]
[www.sites.google.com/site/9unblockedgames/causality-2.html]
[www.sites.google.com/site/9unblockedgames/causality-3.html]
[www.sites.google.com/site/9unblockedgames/chatbox/chatbox-2.html]
[www.sites.google.com/site/9unblockedgames/checkers.html]
[www.sites.google.com/site/9unblockedgames/chess.html]
[www.sites.google.com/site/9unblockedgames/chibi-knight.html]
[www.sites.google.com/site/9unblockedgames/city-siege.html]
[www.sites.google.com/site/9unblockedgames/city-siege-2.html]
[www.sites.google.com/site/9unblockedgames/city-siege-3.html]
[www.sites.google.com/site/9unblockedgames/city-siege-4.html]
[www.sites.google.com/site/9unblockedgames/bullettime-fighting]
[www.sites.google.com/site/9unblockedgames/classroom-cheater.html]
[www.sites.google.com/site/9unblockedgames/classroom-cheater-2.html]
[www.sites.google.com/site/9unblockedgames/classroom-cheater-3.html]
[www.sites.google.com/site/9unblockedgames/clear-vision.html]
[www.sites.google.com/site/9unblockedgames/clear-vision-2.html]
[www.sites.google.com/site/9unblockedgames/clicker-heroes.html]
[www.sites.google.com/site/9unblockedgames/commando.html]
[www.sites.google.com/site/9unblockedgames/commando-assault.html]
[www.sites.google.com/site/9unblockedgames/counter-snipe.html]
[www.sites.google.com/site/9unblockedgames/counter-terror.html]
[www.sites.google.com/site/9unblockedgames/crush-the-castle.html]
[www.sites.google.com/site/9unblockedgames/crush-the-castle-2.html]
[www.sites.google.com/site/9unblockedgames/cubefield.html]
[www.sites.google.com/site/9unblockedgames/curve-fever-2.html]
[www.sites.google.com/site/9unblockedgames/darkbase-rts.html]
[www.sites.google.com/site/9unblockedgames/dead-zed.html]
[www.sites.google.com/site/9unblockedgames/dead-zed-2.html]
[www.sites.google.com/site/9unblockedgames/death-row.html]
[www.sites.google.com/site/9unblockedgames/deathmatch-apocalypse.html]
[www.sites.google.com/site/9unblockedgames/deeper-sleep.html]
[www.sites.google.com/site/9unblockedgames/demolition-city.html]
[www.sites.google.com/site/9unblockedgames/demolition-city-2.html]
[www.sites.google.com/site/9unblockedgames/dig-to-china.html]
[www.sites.google.com/site/9unblockedgames/discount-mayonnaise.html]
[www.sites.google.com/site/9unblockedgames/dog-fight-2.html]
[www.sites.google.com/site/9unblockedgames/don-t-escape.html]
[www.sites.google.com/site/9unblockedgames/don-t-escape-2.html]
[www.sites.google.com/site/9unblockedgames/don-t-escape-3.html]
[www.sites.google.com/site/9unblockedgames/dont-look-back.html]
[www.sites.google.com/site/9unblockedgames/donkey-kong.html]
[www.sites.google.com/site/9unblockedgames/doom.html]
[www.sites.google.com/site/9unblockedgames/douchebag-workout.html]
[www.sites.google.com/site/9unblockedgames/douchebag-workout-2.html]
[www.sites.google.com/site/9unblockedgames/downhill-snowboard-1.html]
[www.sites.google.com/site/9unblockedgames/downhill-snowboard-2.html]
[www.sites.google.com/site/9unblockedgames/downhill-snowboard-3.html]
[www.sites.google.com/site/9unblockedgames/duck-life.html]
[www.sites.google.com/site/9unblockedgames/duck-life-4.html]
[www.sites.google.com/site/9unblockedgames/earn-to-die.html]
[www.sites.google.com/site/9unblockedgames/earn-to-die-2-exodus.html]
[www.sites.google.com/site/9unblockedgames/earn-to-die-2012.html]
[www.sites.google.com/site/9unblockedgames/earn-to-die-2012-part-2.html]
[www.sites.google.com/site/9unblockedgames/earn-to-die-3.html]
[www.sites.google.com/site/9unblockedgames/effing-worms-2.html]
[www.sites.google.com/site/9unblockedgames/electric-man-2.html]
[www.sites.google.com/site/9unblockedgames/electricman-hs.html]
[www.sites.google.com/site/9unblockedgames/endless-war.html]
[www.sites.google.com/site/9unblockedgames/epic-war-1.html]
[www.sites.google.com/site/9unblockedgames/epic-war-2.html]
[www.sites.google.com/site/9unblockedgames/epic-war-3.html]
[www.sites.google.com/site/9unblockedgames/epic-war-4.html]
[www.sites.google.com/site/9unblockedgames/epic-war-5.html]
[www.sites.google.com/site/9unblockedgames/exit-path.html]
[www.sites.google.com/site/9unblockedgames/fancy-pants-adventure.html]
[www.sites.google.com/site/9unblockedgames/fancy-pants-adventure-2.html]
[www.sites.google.com/site/9unblockedgames/fancy-pants-adventure-3.html]
[www.sites.google.com/site/9unblockedgames/field-general.html]
[www.sites.google.com/site/9unblockedgames/fireboy-and-watergirl.html]
[www.sites.google.com/site/9unblockedgames/fireboy-and-watergirl-2.html]
[www.sites.google.com/site/9unblockedgames/fireboy-and-watergirl-3.html]
[www.sites.google.com/site/9unblockedgames/fireboy-and-watergirl-4.html]
[www.sites.google.com/site/9unblockedgames/five-a-side-football.html]
[www.sites.google.com/site/9unblockedgames/flaming-zambooka.html]
[www.sites.google.com/site/9unblockedgames/flappy-bird.html]
[www.sites.google.com/site/9unblockedgames/freeway-fury.html]
[www.sites.google.com/site/9unblockedgames/freeway-fury-2.html]
[www.sites.google.com/site/9unblockedgames/freeway-fury-3.html]
[www.sites.google.com/site/9unblockedgames/frontline-defense-2.html]
[www.sites.google.com/site/9unblockedgames/fuzzy-things-fvf.html]
[www.sites.google.com/site/9unblockedgames/g-switch.html]
[www.sites.google.com/site/9unblockedgames/g-switch-2.html]
[www.sites.google.com/site/9unblockedgames/g-switch-3.html]
[www.sites.google.com/site/9unblockedgames/get-on-top.html]
[www.sites.google.com/site/9unblockedgames/give-up.html]
[www.sites.google.com/site/9unblockedgames/give-up-2.html]
[www.sites.google.com/site/9unblockedgames/give-up-robot.html]
[www.sites.google.com/site/9unblockedgames/give-up-robot-2.html]
[www.sites.google.com/site/9unblockedgames/gold-miner.html]
[www.sites.google.com/site/9unblockedgames/gold-miner-vegas.html]
[www.sites.google.com/site/9unblockedgames/gun-mayhem.html]
[www.sites.google.com/site/9unblockedgames/gun-mayhem-2.html]
[www.sites.google.com/site/9unblockedgames/gunblood.html]
[www.sites.google.com/site/9unblockedgames/gunblood-2.html]
[www.sites.google.com/site/9unblockedgames/gunbot.html]
[www.sites.google.com/site/9unblockedgames/hacked-games/age-of-war-2-hacked.html]
[www.sites.google.com/site/9unblockedgames/hacked-games/age-of-war-3-hacked.html]
[www.sites.google.com/site/9unblockedgames/hacked-games/age-of-war-hacked.html]
[www.sites.google.com/site/9unblockedgames/hacked-games/bloons-super-monkey-hacked.html]
[www.sites.google.com/site/9unblockedgames/hacked-games/bloons-tower-defense-3-hacked.html]
[www.sites.google.com/site/9unblockedgames/hacked-games/bloons-tower-defense-4-hacked.html]
[www.sites.google.com/site/9unblockedgames/hacked-games/bloons-tower-defense-5-hacked.html]
[www.sites.google.com/site/9unblockedgames/hacked-games/boxhead-2-player-hacked.html]
[www.sites.google.com/site/9unblockedgames/hacked-games/boxhead-zombies-hacked.html]
[www.sites.google.com/site/9unblockedgames/hacked-games/bubble-tanks-2-hacked.html]
[www.sites.google.com/site/9unblockedgames/hacked-games/bubble-tanks-3-hacked.html]
[www.sites.google.com/site/9unblockedgames/hacked-games/cat-mario-hacked.html]
[www.sites.google.com/site/9unblockedgames/hacked-games/dig-to-china-hacked.html]
[www.sites.google.com/site/9unblockedgames/hacked-games/jacksmith-hacked.html]
[www.sites.google.com/site/9unblockedgames/hacked-games/learn-to-fly-idle-hacked.html]
[www.sites.google.com/site/9unblockedgames/hacked-games/minecraft-tower-defense-2-hacked.html]
[www.sites.google.com/site/9unblockedgames/hacked-games/plazma-burst-1-hacked.html]
[www.sites.google.com/site/9unblockedgames/hacked-games/plazma-burst-2-hacked.html]
[www.sites.google.com/site/9unblockedgames/hacked-games/potty-racers-2-hacked.html]
[www.sites.google.com/site/9unblockedgames/hacked-games/potty-racers-3-hacked.html]
[www.sites.google.com/site/9unblockedgames/hacked-games/potty-racers-4-hacked.html]
[www.sites.google.com/site/9unblockedgames/hacked-games/potty-racers-hacked.html]
[www.sites.google.com/site/9unblockedgames/hacked-games/raze-2-hacked.html]
[www.sites.google.com/site/9unblockedgames/hacked-games/raze-hacked.html]
[www.sites.google.com/site/9unblockedgames/hacked-games/run-3-hacked.html]
[www.sites.google.com/site/9unblockedgames/hacked-games/sprinter-hacked.html]
[www.sites.google.com/site/9unblockedgames/hacked-games/stick-rpg-hacked.html]
[www.sites.google.com/site/9unblockedgames/hacked-games/stick-war-hacked.html]
[www.sites.google.com/site/9unblockedgames/hacked-games/strike-force-heroes-2-hacked.html]
[www.sites.google.com/site/9unblockedgames/hamoudi.html]
[www.sites.google.com/site/9unblockedgames/happy-wheels.html]
[www.sites.google.com/site/9unblockedgames/heli-attack-2.html]
[www.sites.google.com/site/9unblockedgames/heli-attack-3.html]
[www.sites.google.com/site/9unblockedgames/Helly-yeah.html]
[www.sites.google.com/site/9unblockedgames/hobo-3-wanted.html]
[www.sites.google.com/site/9unblockedgames/hobo-4-total-war.html]
[www.sites.google.com/site/9unblockedgames/hobo-5-space-brawls.html]
[www.sites.google.com/site/9unblockedgames/hobo-6-hell.html]
[www.sites.google.com/site/9unblockedgames/hobo-7-heaven.html]
[www.sites.google.com/site/9unblockedgames/hobo-brawl.html]
[www.sites.google.com/site/9unblockedgames/hobo-prison-brawl.html]
[www.sites.google.com/site/9unblockedgames/hockey-legends.html]
[www.sites.google.com/site/9unblockedgames/homerun-in-berzerk-land.html]
[www.sites.google.com/site/9unblockedgames/i-love-traffic.html]
[www.sites.google.com/site/9unblockedgames/idleplex.html]
[www.sites.google.com/site/9unblockedgames/impossible-quiz.html]
[www.sites.google.com/site/9unblockedgames/impossible-quiz-2.html]
[www.sites.google.com/site/9unblockedgames/independent-miner.html]
[www.sites.google.com/site/9unblockedgames/infectonator-2.html]
[www.sites.google.com/site/9unblockedgames/jacksmith.html]
[www.sites.google.com/site/9unblockedgames/jailbreak-rush.html]
[www.sites.google.com/site/9unblockedgames/jelly-tower.html]
[www.sites.google.com/site/9unblockedgames/jelly-tower-planets.html]
[www.sites.google.com/site/9unblockedgames/jelly-tower-sandbox.html]
[www.sites.google.com/site/9unblockedgames/johnny-upgrade.html]
[www.sites.google.com/site/9unblockedgames/lean-to-fly-2.html]
[www.sites.google.com/site/9unblockedgames/learn-to-fly-idle.html]
[www.sites.google.com/site/9unblockedgames/madness-project-nexus.html]
[www.sites.google.com/site/9unblockedgames/mario-combat.html]
[www.sites.google.com/site/9unblockedgames/max-dirt-bike-3.html]
[www.sites.google.com/site/9unblockedgames/mine-blocks.html]
[www.sites.google.com/site/9unblockedgames/minecraft-tower-defence.html]
[www.sites.google.com/site/9unblockedgames/minesweeper.html]
[www.sites.google.com/site/9unblockedgames/monster-truck-destroyer.html]
[www.sites.google.com/site/9unblockedgames/moto-x3m-3.html]
[www.sites.google.com/site/9unblockedgames/murloc-rpg-stranglethorn-fever.html]
[www.sites.google.com/site/9unblockedgames/mutilate-a-doll-2.html]
[www.sites.google.com/site/9unblockedgames/my-dear-boss.html]
[www.sites.google.com/site/9unblockedgames/my-friend-pedro.html]
[www.sites.google.com/site/9unblockedgames/nitrome-must-die.html]
[www.sites.google.com/site/9unblockedgames/obey-the-game.html]
[www.sites.google.com/site/9unblockedgames/pacman.html]
[www.sites.google.com/site/9unblockedgames/papa-s-bakeria.html]
[www.sites.google.com/site/9unblockedgames/papa-s-burgeria.html]
[www.sites.google.com/site/9unblockedgames/papa-s-cheeseria.html]
[www.sites.google.com/site/9unblockedgames/papa-s-cupcakeria.html]
[www.sites.google.com/site/9unblockedgames/papa-s-donuteria.html]
[www.sites.google.com/site/9unblockedgames/papa-s-freezeria.html]
[www.sites.google.com/site/9unblockedgames/papa-s-hot-doggeria.html]
[www.sites.google.com/site/9unblockedgames/papa-s-pancakeria.html]
[www.sites.google.com/site/9unblockedgames/papa-s-pastaria.html]
[www.sites.google.com/site/9unblockedgames/papa-s-pizzeria.html]
[www.sites.google.com/site/9unblockedgames/papa-s-scooperia.html]
[www.sites.google.com/site/9unblockedgames/papa-s-sushiria.html]
[www.sites.google.com/site/9unblockedgames/papa-s-wingeria.html]
[www.sites.google.com/site/9unblockedgames/parking-fury.html]
[www.sites.google.com/site/9unblockedgames/parking-fury-2.html]
[www.sites.google.com/site/9unblockedgames/parking-fury-3.html]
[www.sites.google.com/site/9unblockedgames/penalty.html]
[www.sites.google.com/site/9unblockedgames/penguin-diner.html]
[www.sites.google.com/site/9unblockedgames/penguin-diner-2.html]
[www.sites.google.com/site/9unblockedgames/pillage-the-village.html]
[www.sites.google.com/site/9unblockedgames/pizza-city.html]
[www.sites.google.com/site/9unblockedgames/plants-vs-zombies-2.html]
[www.sites.google.com/site/9unblockedgames/plazma-burst-2.html]
[www.sites.google.com/site/9unblockedgames/pong.html]
[www.sites.google.com/site/9unblockedgames/portal-flash-edition.html]
[www.sites.google.com/site/9unblockedgames/power-fox-1.html]
[www.sites.google.com/site/9unblockedgames/power-fox-3.html]
[www.sites.google.com/site/9unblockedgames/power-fox-4.html]
[www.sites.google.com/site/9unblockedgames/racehorse-tycoon.html]
[www.sites.google.com/site/9unblockedgames/raft-wars-2.html]
[www.sites.google.com/site/9unblockedgames/random-heroes.html]
[www.sites.google.com/site/9unblockedgames/raze.html]
[www.sites.google.com/site/9unblockedgames/raze-2.html]
[www.sites.google.com/site/9unblockedgames/reach-the-core.html]
[www.sites.google.com/site/9unblockedgames/red-ball.html]
[www.sites.google.com/site/9unblockedgames/red-ball-2.html]
[www.sites.google.com/site/9unblockedgames/red-ball-3.html]
[www.sites.google.com/site/9unblockedgames/red-ball-4.html]
[www.sites.google.com/site/9unblockedgames/reincarnation-a-taste-of-evil.html]
[www.sites.google.com/site/9unblockedgames/reincarnation-addo.html]
[www.sites.google.com/site/9unblockedgames/reincarnation-all-hollow-s-evil.html]
[www.sites.google.com/site/9unblockedgames/reincarnation-in-the-name-of-evil.html]
[www.sites.google.com/site/9unblockedgames/reincarnation-let-the-evil-times-roll.html]
[www.sites.google.com/site/9unblockedgames/reincarnation-the-evil-next-door.html]
[www.sites.google.com/site/9unblockedgames/reincarnation-the-fi.html]
[www.sites.google.com/site/9unblockedgames/return-man-2.html]
[www.sites.google.com/site/9unblockedgames/return-man-3.html]
[www.sites.google.com/site/9unblockedgames/riddle-school.html]
[www.sites.google.com/site/9unblockedgames/riddle-school-2.html]
[www.sites.google.com/site/9unblockedgames/riddle-school-3.html]
[www.sites.google.com/site/9unblockedgames/riddle-school-4.html]
[www.sites.google.com/site/9unblockedgames/riddle-school-5.html]
[www.sites.google.com/site/9unblockedgames/riddle-transfer.html]
[www.sites.google.com/site/9unblockedgames/riddle-transfer-2.html]
[www.sites.google.com/site/9unblockedgames/roadblocks.html]
[www.sites.google.com/site/9unblockedgames/robot-wants-fishy.html]
[www.sites.google.com/site/9unblockedgames/robot-wants-ice-cream.html]
[www.sites.google.com/site/9unblockedgames/robot-wants-kitty.html]
[www.sites.google.com/site/9unblockedgames/robot-wants-puppy.html]
[www.sites.google.com/site/9unblockedgames/rogue-soul.html]
[www.sites.google.com/site/9unblockedgames/goog_1995421597.2ea.delayed]
[www.sites.google.com/site/9unblockedgames/rogue-soul-2.html]
[www.sites.google.com/site/9unblockedgames/rubble-trouble-moscow.html]
[www.sites.google.com/site/9unblockedgames/rubble-trouble-new-york.html]
[www.sites.google.com/site/9unblockedgames/run-1.html]
[www.sites.google.com/site/9unblockedgames/run-2.html]
[www.sites.google.com/site/9unblockedgames/run-3.html]
[www.sites.google.com/site/9unblockedgames/running-fred.html]
[www.sites.google.com/site/9unblockedgames/sas-zombie-assault.html]
[www.sites.google.com/site/9unblockedgames/sas-zombie-assault-2.html]
[www.sites.google.com/site/9unblockedgames/sas-zombie-assault-3.html]
[www.sites.google.com/site/9unblockedgames/saturday-night-blood-fest.html]
[www.sites.google.com/site/9unblockedgames/scary-maze-game.html]
[www.sites.google.com/site/9unblockedgames/scary-maze-game-2.html]
[www.sites.google.com/site/9unblockedgames/shift.html]
[www.sites.google.com/site/9unblockedgames/shift-2.html]
[www.sites.google.com/site/9unblockedgames/shift-3.html]
[www.sites.google.com/site/9unblockedgames/shift-4.html]
[www.sites.google.com/site/9unblockedgames/sieger.html]
[www.sites.google.com/site/9unblockedgames/sift-heads-1.html]
[www.sites.google.com/site/9unblockedgames/simple-soccer-championship.html]
[www.sites.google.com/site/9unblockedgames/sindicate.html]
[www.sites.google.com/site/9unblockedgames/skyfyre.html]
[www.sites.google.com/site/9unblockedgames/snail-bob.html]
[www.sites.google.com/site/9unblockedgames/sonny.html]
[www.sites.google.com/site/9unblockedgames/sports-heads-basketball.html]
[www.sites.google.com/site/9unblockedgames/sports-heads-football.html]
[www.sites.google.com/site/9unblockedgames/sports-heads-football-championship.html]
[www.sites.google.com/site/9unblockedgames/sports-heads-football-championship-2015-16.html]
[www.sites.google.com/site/9unblockedgames/sports-heads-football-european-edition.html]
[www.sites.google.com/site/9unblockedgames/sports-heads-ice-hockey.html]
[www.sites.google.com/site/9unblockedgames/sports-heads-tennis.html]
[www.sites.google.com/site/9unblockedgames/sports-heads-volleyball.html]
[www.sites.google.com/site/9unblockedgames/sprinter.html]
[www.sites.google.com/site/9unblockedgames/staggy-the-boyscout-slayer-2.html]
[www.sites.google.com/site/9unblockedgames/state-of-zombies-2.html]
[www.sites.google.com/site/9unblockedgames/state-of-zombies-3.html]
[www.sites.google.com/site/9unblockedgames/stick-rpg.html]
[www.sites.google.com/site/9unblockedgames/stick-war.html]
[www.sites.google.com/site/9unblockedgames/stomped-io.html]
[www.sites.google.com/site/9unblockedgames/strafe-ww2-western-front.html]
[www.sites.google.com/site/9unblockedgames/strike-force-heroes.html]
[www.sites.google.com/site/9unblockedgames/strike-force-heroes-2.html]
[www.sites.google.com/site/9unblockedgames/strike-force-heroes-3.html]
[www.sites.google.com/site/9unblockedgames/super-adventure-pals.html]
[www.sites.google.com/site/9unblockedgames/super-fighters.html]
[www.sites.google.com/site/9unblockedgames/super-meat-boy.html]
[www.sites.google.com/site/9unblockedgames/super-smash-flash-2.html]
[www.sites.google.com/site/9unblockedgames/swindler.html]
[www.sites.google.com/site/9unblockedgames/swing-soccer.html]
[www.sites.google.com/site/9unblockedgames/swords-and-sandals.html]
[www.sites.google.com/site/9unblockedgames/swords-and-sandals-2.html]
[www.sites.google.com/site/9unblockedgames/swords-and-souls.html]
[www.sites.google.com/site/9unblockedgames/tactical-assassin-3.html]
[www.sites.google.com/site/9unblockedgames/tetris.html]
[www.sites.google.com/site/9unblockedgames/the-last-stand-union-city.html]
[www.sites.google.com/site/9unblockedgames/the-peacekeeper.html]
[www.sites.google.com/site/9unblockedgames/the-sun-for-the-vampire.html]
[www.sites.google.com/site/9unblockedgames/this-is-the-only-level.html]
[www.sites.google.com/site/9unblockedgames/this-is-the-only-level-2.html]
[www.sites.google.com/site/9unblockedgames/this-is-the-only-level-3.html]
[www.sites.google.com/site/9unblockedgames/thumb-fighter.html]
[www.sites.google.com/site/9unblockedgames/torturomatic.html]
[www.sites.google.com/site/9unblockedgames/toss-the-turtle.html]
[www.sites.google.com/site/9unblockedgames/treadmillasaurus-rex.html]
[www.sites.google.com/site/9unblockedgames/tron.html]
[www.sites.google.com/site/9unblockedgames/turbogolf.html]
[www.sites.google.com/site/9unblockedgames/the-champions-3d]
[www.sites.google.com/site/9unblockedgames/ultimate-army-5.html]
[www.sites.google.com/site/9unblockedgames/thing-thing-arena-3]
[www.sites.google.com/site/9unblockedgames/vex-2.html]
[www.sites.google.com/site/9unblockedgames/vex-3.html]
[www.sites.google.com/site/9unblockedgames/weapon.html]
[www.sites.google.com/site/9unblockedgames/worlds-hardest-game-2.html]
[www.sites.google.com/site/9unblockedgames/unfair-mario]
[www.sites.google.com/site/9unblockedgames/vex]
[www.sites.google.com/site/9unblockedgames/worlds-hardest-game-3.html]
[www.sites.google.com/site/9unblockedgames/worlds-hardest-game-4.html]
[www.sites.google.com/site/9unblockedgames/z.html]
[www.sites.google.com/site/9unblockedgames/worlds-hardest-game]
[www.sites.google.com/site/9unblockedgames/world-basketball]
[www.sites.google.com/site/9unblockedgames/zombie-crypt.html]
[www.sites.google.com/site/9unblockedgames/war-elephant-2]
[www.sites.google.com/site/9unblockedgames/war-elephant]
[www.sites.google.com/site/9unblockedgames/zombocalypse.html]
[www.sites.google.com/site/9unblockedgames/zombocalypse-2.html]
[www.sites.google.com/site/9unblockedgames/system/errors/NodeNotFoundd249.html]
[www.sites.google.com/site/9unblockedgames/system/errors/NodeNotFound9a0e.html]
[www.sites.google.com/site/9unblockedgames/_/tz.html]
[ssl.gstatic.com/editor/bubble2_tr.gif]
[ssl.gstatic.com/sites/p/a6c549/system/js/jot_min_view__en.js]
[www.sites.google.com/site/9unblockedgames/_/rsrc/1605169795000/system/app/images/toolbar-check.gif]
[ssl.gstatic.com/ui/v1/menu/checkmark.png]
[ssl.gstatic.com/accounts/ui/logo_1x.png]
[ssl.gstatic.com/images/branding/googlelogo/1x/googlelogo_color_112x36dp.png]
[ssl.gstatic.com/accounts/ui/logo_2x.png]
[ssl.gstatic.com/images/branding/googlelogo/2x/googlelogo_color_112x36dp.png]
[ssl.gstatic.com/accounts/ui/wlogostrip_230x17_1x.png]
[ssl.gstatic.com/accounts/ui/wlogostrip_230x17_2x.png]
[ssl.gstatic.com/ui/v1/icons/common/x_8px.png]
[ssl.gstatic.com/accounts/ui/avatar_2x.png]
[accounts.google.com/AccountChooser.3418aa3.delayed]
[accounts.google.com/signin/usernamerecovery446d.html]
[accounts.google.com/TOS.34407dc.delayed]
[accounts.google.com/ServiceLogin9eb7.html]
[accounts.google.com/TOS.345c479.delayed]
[ssl.gstatic.com/images/icons/ui/common/universal_language_settings-21.png]
[accounts.google.com/POST.347.delayed]
[accounts.google.com/GET.348.delayed]
[accounts.google.com/ServiceLoginfd6a.html]
[accounts.google.com/SignUpa360.html]
[accounts.google.com/signin/usernamerecovery27f9.html]
[accounts.google.com/AccountChooser.34a60a6.delayed]
[accounts.google.com/ServiceLogin8ca8.html]
[accounts.google.com/ServiceLogin6dd1.html]
[www.sites.google.com/site/9unblockedgames/system.html]
[www.sites.google.com/site/9unblockedgames/system/app.html]
[www.sites.google.com/site/9unblockedgames/system/app/pages.html]
[www.sites.google.com/site/9unblockedgames/system/app/pages/sitemap.html]
[ssl.gstatic.com/images/icons/gplus-64.png]
[www.sites.google.com/site/9unblockedgames/bullettime-fighting]
[www.sites.google.com/site/9unblockedgames/goog_1995421597.html]
[www.sites.google.com/site/9unblockedgames/the-champions-3d]
[www.sites.google.com/site/9unblockedgames/thing-thing-arena-3]
[www.sites.google.com/site/9unblockedgames/unfair-mario]
[www.sites.google.com/site/9unblockedgames/vex]
[www.sites.google.com/site/9unblockedgames/war-elephant]
[www.sites.google.com/site/9unblockedgames/war-elephant-2]
[www.sites.google.com/site/9unblockedgames/world-basketball]
[www.sites.google.com/site/9unblockedgames/worlds-hardest-game]
[accounts.google.com/signin/usernamerecovery446d.html]
[accounts.google.com/AccountChooser.3581f5e.delayed]
[accounts.google.com/ServiceLogin9eb7.html]
[accounts.google.com/SignUpf355.html]
[accounts.google.com/SignUpfef7.html]
[ssl.gstatic.com/ui/v1/dialog/close-x.png]
[ssl.gstatic.com/i18n/phonenumbers/phoneinputwidget/flags4.png]
[ssl.gstatic.com/ui/v1/disclosure/grey-disclosure-arrow-up-down.png]
[ssl.gstatic.com/i18n/phonenumbers/phoneinputwidget/phone-input-arrow.png]
[ssl.gstatic.com/accounts/ui/wlogostrip_325x24_1x.png]
[ssl.gstatic.com/accounts/signup/devices_1x.png]
[ssl.gstatic.com/accounts/ui/wlogostrip_325x24_2x.png]
[ssl.gstatic.com/accounts/signup/devices_2x.png]
[ssl.gstatic.com/accounts/ui/refresh_white.png]
[accounts.google.com/+/index.html]
[www.gstatic.com/images/icons/material/system/2x/keyboard_arrow_down_white_24dp.png]
[accounts.google.com/SignUpa360.html]
[accounts.google.com/POST.html]
[accounts.google.com/GET.html]
[accounts.google.com/signin/usernamerecovery27f9.html]
[accounts.google.com/ServiceLogin415b.html]
[accounts.google.com/signin/recovery68a6.html]
[accounts.google.com/SignUpWithoutGmail78a7.html]
[accounts.google.com/AccountChooser.36ce085.delayed]
[accounts.google.com/ServiceLogin8ca8.html]
[accounts.google.com/ServiceLogin5229.html]
[accounts.google.com/SignUpf355.html]
[accounts.google.com/SignUpWithoutGmail6ab3.html]
[accounts.google.com/SignUpfef7.html]
[accounts.google.com/+/index.html]
[accounts.google.com/signin/recoveryb407.html]
[accounts.google.com/AccountChooser.37b415b.delayed]
[accounts.google.com/ServiceLogin415b.html]
[accounts.google.com/ServiceLogine2e1.html]
[accounts.google.com/SignUpWithoutGmail78a7.html]
[accounts.google.com/signin/recovery68a6.html]
[accounts.google.com/SignUpWithoutGmailfef7.html]
[accounts.google.com/AccountChooser.3845229.delayed]
[accounts.google.com/SignUp78a7.html]
[accounts.google.com/ServiceLogin5229.html]
[accounts.google.com/ServiceLogin6205.html]
[accounts.google.com/signin/recoveryf7f9]
[accounts.google.com/ServiceLogin293b]
[accounts.google.com/SignUpWithoutGmail6ab3.html]
[accounts.google.com/signin/recoveryb407.html]
[accounts.google.com/SignUpWithoutGmailbb45]
[accounts.google.com/signin/usernamerecoveryc5ad.html]
[accounts.google.com/SignUp6ab3.html]
[accounts.google.com/AccountChooser.38d844d.delayed]
[accounts.google.com/ServiceLogine2e1.html]
[accounts.google.com/SignUpWithoutGmailfef7.html]
[accounts.google.com/SignUp78a7.html]
[accounts.google.com/AccountChooser.398c8f8.delayed]
[accounts.google.com/ServiceLogin6205.html]
[accounts.google.com/SignUpdf4a.html]
[accounts.google.com/SignUpWithoutGmailbb45]
[accounts.google.com/signin/recoveryf7f9]
[accounts.google.com/ServiceLogin293b]
[accounts.google.com/SignUp6ab3.html]
[accounts.google.com/signin/usernamerecoveryc5ad.html]
[accounts.google.com/SignUpdf4a.html]
[accounts.google.com/AccountChooser293b]
[accounts.google.com/ServiceLogin3ecf]
[accounts.google.com/SignUpWithoutGmaildf4a]
[accounts.google.com/SignUpb407]
[accounts.google.com/SignUpbb45.html]
[accounts.google.com/SignUpbb45.html]
[accounts.google.com/AccountChooser293b]
[accounts.google.com/SignUpb407]
[accounts.google.com/SignUpWithoutGmaildcdc.html]
[accounts.google.com/ServiceLogin3ecf]
[accounts.google.com/SignUpWithoutGmaildf4a]
[accounts.google.com/SignUpWithoutGmaildcdc.html]
[accounts.google.com/ServiceLogin170e]
[accounts.google.com/ServiceLogin8b17]
[accounts.google.com/AccountChooser3ecf]
[accounts.google.com/SignUpdcdc]
